[backblue.gif]
[fade.gif]
[index.html]
[luxurycoastalproperties.com.au/assets/images/Properties/newlots/photo1.jpg]
[luxurycoastalproperties.com.au/assets/images/Properties/newlots/photo2.jpg]
[luxurycoastalproperties.com.au/assets/images/Properties/newlots/photo3.jpg]
[luxurycoastalproperties.com.au/assets/images/Properties/newlots/photo4.jpg]
[luxurycoastalproperties.com.au/assets/images/Properties/newlots/photo5.jpg]
[luxurycoastalproperties.com.au/assets/images/Properties/newlots/photo7.jpg]
[luxurycoastalproperties.com.au/assets/images/Properties/newlots/photo13.jpg]
[luxurycoastalproperties.com.au/assets/images/Properties/newlots/photo14.jpg]
[luxurycoastalproperties.com.au/assets/images/Properties/newlots/photo15.jpg]
[luxurycoastalproperties.com.au/assets/images/Properties/newlots/photo16.jpg]
[luxurycoastalproperties.com.au/assets/images/Properties/lot5/LOT5.jpg]
[luxurycoastalproperties.com.au/assets/images/Properties/lot5/LOT5forsale.jpg]
[luxurycoastalproperties.com.au/assets/images/Properties/lot5/51.jpg]
[luxurycoastalproperties.com.au/assets/images/Properties/lot5/56.jpg]
[luxurycoastalproperties.com.au/assets/images/Properties/lot5/57.jpg]
[luxurycoastalproperties.com.au/assets/images/Properties/lot5/59.jpg]
[luxurycoastalproperties.com.au/assets/images/Properties/lot5/510.jpg]
[luxurycoastalproperties.com.au/assets/images/Properties/lot5/511.jpg]
[luxurycoastalproperties.com.au/assets/images/Properties/lot6/LOT6.jpg]
[luxurycoastalproperties.com.au/assets/images/Properties/lot6/LOT6forsale.jpg]
[luxurycoastalproperties.com.au/assets/images/Properties/lot6/60.jpg]
[luxurycoastalproperties.com.au/assets/images/Properties/lot6/66.jpg]
[luxurycoastalproperties.com.au/assets/images/Properties/lot6/67.jpg]
[luxurycoastalproperties.com.au/assets/images/Properties/lot6/68.jpg]
[luxurycoastalproperties.com.au/assets/images/Properties/lot6/69.jpg]
[luxurycoastalproperties.com.au/assets/images/Properties/lot6/691.jpg]
[luxurycoastalproperties.com.au/assets/images/Properties/lot6/692.jpg]
[luxurycoastalproperties.com.au/assets/images/Properties/lot6/693.jpg]
[luxurycoastalproperties.com.au/assets/images/Properties/lot6/694.jpg]
[luxurycoastalproperties.com.au/assets/images/Properties/lot6/695.jpg]
[luxurycoastalproperties.com.au/assets/images/Properties/lot8/LOT8.jpg]
[luxurycoastalproperties.com.au/assets/images/Properties/lot8/LOT8forsale.jpg]
[luxurycoastalproperties.com.au/assets/images/Properties/lot8/81.jpg]
[luxurycoastalproperties.com.au/assets/images/Properties/lot8/82.jpg]
[luxurycoastalproperties.com.au/assets/images/Properties/lot8/83.jpg]
[luxurycoastalproperties.com.au/assets/images/Properties/lot8/84.jpg]
[luxurycoastalproperties.com.au/assets/images/Properties/lot8/85.jpg]
[luxurycoastalproperties.com.au/assets/images/Properties/lot8/86.jpg]
[luxurycoastalproperties.com.au/assets/images/Properties/lot8/87.jpg]
[luxurycoastalproperties.com.au/assets/images/Properties/lot8/88.jpg]
[luxurycoastalproperties.com.au/assets/images/Properties/lot8/89.jpg]
[luxurycoastalproperties.com.au/assets/images/Properties/lot8/891.jpg]
[luxurycoastalproperties.com.au/assets/images/photo_michelle.jpg]
[luxurycoastalproperties.com.au/assets/images/Properties/newlots/photo9.jpg]
[luxurycoastalproperties.com.au/assets/js/jquery.min.js]
[luxurycoastalproperties.com.au/assets/js/popper.min.js]
[luxurycoastalproperties.com.au/assets/js/bootstrap.min.js]
[luxurycoastalproperties.com.au/assets/js/holder.min.js]
[luxurycoastalproperties.com.au/assets/js/jquery.fancybox.min.js]
[luxurycoastalproperties.com.au/assets/js/script.js]
[luxurycoastalproperties.com.au/index.html]
[luxurycoastalproperties.com.au/assets/images/ajax-loader.gif]
[luxurycoastalproperties.com.au/assets/images/arrow-down.png]
[luxurycoastalproperties.com.au/assets/images/arrow-left.png]
[luxurycoastalproperties.com.au/assets/images/arrow-right.png]
[luxurycoastalproperties.com.au/assets/images/bg.jpg]
[luxurycoastalproperties.com.au/assets/images/bg2.jpg]
[luxurycoastalproperties.com.au/assets/images/bg_bak.jpg]
[luxurycoastalproperties.com.au/assets/images/divider-floral.png]
[luxurycoastalproperties.com.au/assets/images/icon-close.jpg]
[luxurycoastalproperties.com.au/assets/images/icon-menu.jpg]
[luxurycoastalproperties.com.au/assets/images/logo.png]
[luxurycoastalproperties.com.au/assets/images/index.html]
[luxurycoastalproperties.com.au/assets/fonts/fa-solid-900.eot]
[luxurycoastalproperties.com.au/assets/fonts/fa-solid-900d41d.eot]
[luxurycoastalproperties.com.au/assets/fonts/fa-solid-900.woff2]
[luxurycoastalproperties.com.au/assets/fonts/fa-solid-900.woff]
[luxurycoastalproperties.com.au/assets/fonts/fa-solid-900.ttf]
[luxurycoastalproperties.com.au/assets/fonts/fa-regular-400.eot]
[luxurycoastalproperties.com.au/assets/fonts/fa-regular-400d41d.eot]
[luxurycoastalproperties.com.au/assets/fonts/fa-regular-400.woff2]
[luxurycoastalproperties.com.au/assets/fonts/fa-regular-400.woff]
[luxurycoastalproperties.com.au/assets/fonts/fa-regular-400.ttf]
[luxurycoastalproperties.com.au/assets/fonts/fa-brands-400.eot]
[luxurycoastalproperties.com.au/assets/fonts/fa-brands-400d41d.eot]
[luxurycoastalproperties.com.au/assets/fonts/fa-brands-400.woff2]
[luxurycoastalproperties.com.au/assets/fonts/fa-brands-400.woff]
[luxurycoastalproperties.com.au/assets/fonts/fa-brands-400.ttf]
[luxurycoastalproperties.com.au/assets/fonts/adam.cg_pro-webfont.eot]
[luxurycoastalproperties.com.au/assets/fonts/adam.cg_pro-webfontd41d.eot]
[luxurycoastalproperties.com.au/assets/fonts/adam.cg_pro-webfont.woff2]
[luxurycoastalproperties.com.au/assets/fonts/adam.cg_pro-webfont.woff]
[luxurycoastalproperties.com.au/assets/fonts/adam.cg_pro-webfont.ttf]
[luxurycoastalproperties.com.au/assets/css/style.css]
[luxurycoastalproperties.com.au/luxurycoastalproperties@gmail.html]
[luxurycoastalproperties.com.au/assets/images/indexc052.html]
[luxurycoastalproperties.com.au/assets/images/indexf8a0.html]
[luxurycoastalproperties.com.au/assets/images/indexbfec.html]
[luxurycoastalproperties.com.au/assets/images/index30b5.html]
[luxurycoastalproperties.com.au/assets/index.html]
[luxurycoastalproperties.com.au/assets/images/Properties/index.html]
[luxurycoastalproperties.com.au/assets/fonts/fa-solid-900.svg]
[luxurycoastalproperties.com.au/assets/fonts/fa-regular-400.svg]
[luxurycoastalproperties.com.au/assets/fonts/fa-brands-400.svg]
[luxurycoastalproperties.com.au/assets/fonts/adam.cg_pro-webfont.svg]
[luxurycoastalproperties.com.au/assets/images/indexb70a.html]
[luxurycoastalproperties.com.au/assets/images/index72c9.html]
[luxurycoastalproperties.com.au/assets/images/index5851.html]
[luxurycoastalproperties.com.au/assets/images/indexad3f.html]
[luxurycoastalproperties.com.au/assets/indexc052.html]
[luxurycoastalproperties.com.au/assets/indexf8a0.html]
[luxurycoastalproperties.com.au/assets/indexbfec.html]
[luxurycoastalproperties.com.au/assets/index30b5.html]
[luxurycoastalproperties.com.au/assets/css/index.html]
[luxurycoastalproperties.com.au/assets/fonts/index.html]
[luxurycoastalproperties.com.au/assets/js/index.html]
[luxurycoastalproperties.com.au/assets/scss/index.html]
[luxurycoastalproperties.com.au/assets/images/Properties/indexc052.html]
[luxurycoastalproperties.com.au/assets/images/Properties/indexf8a0.html]
[luxurycoastalproperties.com.au/assets/images/Properties/indexbfec.html]
[luxurycoastalproperties.com.au/assets/images/Properties/index30b5.html]
[luxurycoastalproperties.com.au/assets/images/Properties/lot5/5.jpg]
[luxurycoastalproperties.com.au/assets/images/Properties/lot5/index.html]
[luxurycoastalproperties.com.au/assets/images/Properties/lot6/lot6b.jpg]
[luxurycoastalproperties.com.au/assets/images/Properties/lot6/index.html]
[luxurycoastalproperties.com.au/assets/images/Properties/lot8/lot8b.jpg]
[luxurycoastalproperties.com.au/assets/images/Properties/lot8/lot8b.jpg.png]
[luxurycoastalproperties.com.au/assets/images/Properties/lot8/lot8b.png]
[luxurycoastalproperties.com.au/assets/images/Properties/lot8/index.html]
[luxurycoastalproperties.com.au/assets/images/Properties/newlot/1.jpg]
[luxurycoastalproperties.com.au/assets/images/Properties/newlot/2.jpg]
[luxurycoastalproperties.com.au/assets/images/Properties/newlot/3.jpg]
[luxurycoastalproperties.com.au/assets/images/Properties/newlot/4.jpg]
[luxurycoastalproperties.com.au/assets/images/Properties/newlot/5.jpg]
[luxurycoastalproperties.com.au/assets/images/Properties/newlot/6.jpg]
[luxurycoastalproperties.com.au/assets/images/Properties/newlot/7.jpg]
[luxurycoastalproperties.com.au/assets/images/Properties/newlot/8.jpg]
[luxurycoastalproperties.com.au/assets/images/Properties/newlot/9.jpg]
[luxurycoastalproperties.com.au/assets/images/Properties/newlot/10.jpg]
[luxurycoastalproperties.com.au/assets/images/Properties/newlot/11.jpg]
[luxurycoastalproperties.com.au/assets/images/Properties/newlot/12.jpg]
[luxurycoastalproperties.com.au/assets/images/Properties/newlot/13.jpg]
[luxurycoastalproperties.com.au/assets/images/Properties/newlot/13_2.jpg]
[luxurycoastalproperties.com.au/assets/images/Properties/newlot/14.jpg]
[luxurycoastalproperties.com.au/assets/images/Properties/newlot/index.html]
[luxurycoastalproperties.com.au/assets/indexb70a.html]
[luxurycoastalproperties.com.au/assets/index72c9.html]
[luxurycoastalproperties.com.au/assets/index5851.html]
[luxurycoastalproperties.com.au/assets/indexad3f.html]
[luxurycoastalproperties.com.au/assets/css/indexc052.html]
[luxurycoastalproperties.com.au/assets/css/indexf8a0.html]
[luxurycoastalproperties.com.au/assets/css/indexbfec.html]
[luxurycoastalproperties.com.au/assets/css/index30b5.html]
[luxurycoastalproperties.com.au/assets/css/style.css.css]
[luxurycoastalproperties.com.au/assets/fonts/indexc052.html]
[luxurycoastalproperties.com.au/assets/fonts/indexf8a0.html]
[luxurycoastalproperties.com.au/assets/fonts/indexbfec.html]
[luxurycoastalproperties.com.au/assets/fonts/index30b5.html]
[luxurycoastalproperties.com.au/assets/js/indexc052.html]
[luxurycoastalproperties.com.au/assets/js/indexf8a0.html]
[luxurycoastalproperties.com.au/assets/js/indexbfec.html]
[luxurycoastalproperties.com.au/assets/js/index30b5.html]
[luxurycoastalproperties.com.au/assets/scss/indexc052.html]
[luxurycoastalproperties.com.au/assets/scss/indexf8a0.html]
[luxurycoastalproperties.com.au/assets/scss/indexbfec.html]
[luxurycoastalproperties.com.au/assets/scss/index30b5.html]
[luxurycoastalproperties.com.au/assets/scss/config.html]
[luxurycoastalproperties.com.au/assets/scss/style.html]
[luxurycoastalproperties.com.au/assets/images/Properties/indexb70a.html]
[luxurycoastalproperties.com.au/assets/images/Properties/index72c9.html]
[luxurycoastalproperties.com.au/assets/images/Properties/index5851.html]
[luxurycoastalproperties.com.au/assets/images/Properties/indexad3f.html]
[luxurycoastalproperties.com.au/assets/images/Properties/lot5/indexc052.html]
[luxurycoastalproperties.com.au/assets/images/Properties/lot5/indexf8a0.html]
[luxurycoastalproperties.com.au/assets/images/Properties/lot5/indexbfec.html]
[luxurycoastalproperties.com.au/assets/images/Properties/lot5/index30b5.html]
[luxurycoastalproperties.com.au/assets/images/Properties/lot6/indexc052.html]
[luxurycoastalproperties.com.au/assets/images/Properties/lot6/indexf8a0.html]
[luxurycoastalproperties.com.au/assets/images/Properties/lot6/indexbfec.html]
[luxurycoastalproperties.com.au/assets/images/Properties/lot6/index30b5.html]
[luxurycoastalproperties.com.au/assets/images/Properties/lot8/indexc052.html]
[luxurycoastalproperties.com.au/assets/images/Properties/lot8/indexf8a0.html]
[luxurycoastalproperties.com.au/assets/images/Properties/lot8/indexbfec.html]
[luxurycoastalproperties.com.au/assets/images/Properties/lot8/index30b5.html]
[luxurycoastalproperties.com.au/assets/images/Properties/newlot/indexc052.html]
[luxurycoastalproperties.com.au/assets/images/Properties/newlot/indexf8a0.html]
[luxurycoastalproperties.com.au/assets/images/Properties/newlot/indexbfec.html]
[luxurycoastalproperties.com.au/assets/images/Properties/newlot/index30b5.html]
[luxurycoastalproperties.com.au/assets/css/indexb70a.html]
[luxurycoastalproperties.com.au/assets/css/index72c9.html]
[luxurycoastalproperties.com.au/assets/css/index5851.html]
[luxurycoastalproperties.com.au/assets/css/indexad3f.html]
[luxurycoastalproperties.com.au/bower_components/fancybox/dist/jquery.fancybox.min.html]
[luxurycoastalproperties.com.au/assets/fonts/indexb70a.html]
[luxurycoastalproperties.com.au/assets/fonts/index72c9.html]
[luxurycoastalproperties.com.au/assets/fonts/index5851.html]
[luxurycoastalproperties.com.au/assets/fonts/indexad3f.html]
[luxurycoastalproperties.com.au/assets/js/indexb70a.html]
[luxurycoastalproperties.com.au/assets/js/index72c9.html]
[luxurycoastalproperties.com.au/assets/js/index5851.html]
[luxurycoastalproperties.com.au/assets/js/indexad3f.html]
[luxurycoastalproperties.com.au/assets/scss/indexb70a.html]
[luxurycoastalproperties.com.au/assets/scss/index72c9.html]
[luxurycoastalproperties.com.au/assets/scss/index5851.html]
[luxurycoastalproperties.com.au/assets/scss/indexad3f.html]
[luxurycoastalproperties.com.au/assets/images/Properties/lot5/indexb70a.html]
[luxurycoastalproperties.com.au/assets/images/Properties/lot5/index72c9.html]
[luxurycoastalproperties.com.au/assets/images/Properties/lot5/index5851.html]
[luxurycoastalproperties.com.au/assets/images/Properties/lot5/indexad3f.html]
[luxurycoastalproperties.com.au/assets/images/Properties/lot6/indexb70a.html]
[luxurycoastalproperties.com.au/assets/images/Properties/lot6/index72c9.html]
[luxurycoastalproperties.com.au/assets/images/Properties/lot6/index5851.html]
[luxurycoastalproperties.com.au/assets/images/Properties/lot6/indexad3f.html]
[luxurycoastalproperties.com.au/assets/images/Properties/lot8/indexb70a.html]
[luxurycoastalproperties.com.au/assets/images/Properties/lot8/index72c9.html]
[luxurycoastalproperties.com.au/assets/images/Properties/lot8/index5851.html]
[luxurycoastalproperties.com.au/assets/images/Properties/lot8/indexad3f.html]
[luxurycoastalproperties.com.au/assets/images/Properties/newlot/indexb70a.html]
[luxurycoastalproperties.com.au/assets/images/Properties/newlot/index72c9.html]
[luxurycoastalproperties.com.au/assets/images/Properties/newlot/index5851.html]
[luxurycoastalproperties.com.au/assets/images/Properties/newlot/indexad3f.html]
[luxurycoastalproperties.com.au/assets/images/Properties/newlots/index.html]
